// Vitest Snapshot v1, https://vitest.dev/guide/snapshot.html

exports[`LoadingSkeleton > renders correctly 1`] = `
<div>
  <div
    class="flex h-full w-full flex-col px-8 py-6"
  >
    <div
      class="space-y-6"
    >
      <div
        class="flex items-center justify-between"
      >
        <div
          class="space-y-2"
        >
          <div
            class="animate-pulse rounded-md h-8 w-96 bg-gray-300"
          />
          <div
            class="animate-pulse rounded-md h-4 w-64 bg-gray-300"
          />
        </div>
        <div
          class="animate-pulse rounded-md h-10 w-32 bg-gray-300"
        />
         
      </div>
      <div
        class="flex items-center justify-between"
      >
        <div
          class="animate-pulse rounded-md h-10 w-64 bg-gray-300"
        />
         
        <div
          class="flex gap-2"
        >
          <div
            class="animate-pulse rounded-md h-10 w-24 bg-gray-300"
          />
           
          <div
            class="animate-pulse rounded-md h-10 w-24 bg-gray-300"
          />
           
        </div>
      </div>
      <div
        class="space-y-4"
      >
        <div
          class="flex items-center gap-4 border-b p-4"
        >
          <div
            class="animate-pulse rounded-md bg-muted h-4"
            style="width: 160px;"
          />
          <div
            class="animate-pulse rounded-md bg-muted h-4"
            style="width: 160px;"
          />
          <div
            class="animate-pulse rounded-md bg-muted h-4"
            style="width: 160px;"
          />
          <div
            class="animate-pulse rounded-md bg-muted h-4"
            style="width: 160px;"
          />
          <div
            class="animate-pulse rounded-md bg-muted h-4"
            style="width: 160px;"
          />
          <div
            class="animate-pulse rounded-md bg-muted h-4"
            style="width: 40px;"
          />
        </div>
        <div
          class="flex items-center gap-4 border-b p-4"
        >
          <div
            class="animate-pulse rounded-md h-4 w-40 bg-gray-300"
          />
           
          <div
            class="animate-pulse rounded-md h-4 w-40 bg-gray-300"
          />
           
          <div
            class="animate-pulse rounded-md h-4 w-40 bg-gray-300"
          />
           
          <div
            class="animate-pulse rounded-md h-4 w-40 bg-gray-300"
          />
           
          <div
            class="animate-pulse h-6 w-16 rounded-full bg-gray-300"
          />
           
          <div
            class="animate-pulse rounded-md ml-auto h-4 w-4 bg-gray-300"
          />
           
        </div>
        <div
          class="flex items-center gap-4 border-b p-4"
        >
          <div
            class="animate-pulse rounded-md h-4 w-40 bg-gray-300"
          />
           
          <div
            class="animate-pulse rounded-md h-4 w-40 bg-gray-300"
          />
           
          <div
            class="animate-pulse rounded-md h-4 w-40 bg-gray-300"
          />
           
          <div
            class="animate-pulse rounded-md h-4 w-40 bg-gray-300"
          />
           
          <div
            class="animate-pulse h-6 w-16 rounded-full bg-gray-300"
          />
           
          <div
            class="animate-pulse rounded-md ml-auto h-4 w-4 bg-gray-300"
          />
           
        </div>
        <div
          class="flex items-center gap-4 border-b p-4"
        >
          <div
            class="animate-pulse rounded-md h-4 w-40 bg-gray-300"
          />
           
          <div
            class="animate-pulse rounded-md h-4 w-40 bg-gray-300"
          />
           
          <div
            class="animate-pulse rounded-md h-4 w-40 bg-gray-300"
          />
           
          <div
            class="animate-pulse rounded-md h-4 w-40 bg-gray-300"
          />
           
          <div
            class="animate-pulse h-6 w-16 rounded-full bg-gray-300"
          />
           
          <div
            class="animate-pulse rounded-md ml-auto h-4 w-4 bg-gray-300"
          />
           
        </div>
      </div>
    </div>
  </div>
</div>
`;
