// Vitest Snapshot v1, https://vitest.dev/guide/snapshot.html

exports[`LoadingSkeleton > renders correctly 1`] = `
<div>
  <div
    class="skeleton mx-auto w-full space-y-8 p-6"
  >
    <div
      class="space-y-2"
    >
      <div
        class="animate-pulse rounded-md h-8 w-3/4 bg-gray-300"
      />
      <div
        class="animate-pulse rounded-md h-4 w-full bg-gray-300"
      />
    </div>
    <div
      class="flex items-start space-x-4"
    >
      <div
        class="animate-pulse h-16 w-16 rounded-full bg-gray-300"
      />
      <div
        class="space-y-2"
      >
        <div
          class="animate-pulse rounded-md h-6 w-48 bg-gray-300"
        />
        <div
          class="animate-pulse rounded-md h-4 w-32 bg-gray-300"
        />
      </div>
    </div>
    <div
      class="space-y-6"
    >
      <div
        class="space-y-2"
      >
        <div
          class="animate-pulse rounded-md h-4 w-32 bg-gray-300"
        />
        <div
          class="animate-pulse rounded-md h-32 w-full bg-gray-300"
        />
      </div>
      <div
        class="space-y-2"
      >
        <div
          class="animate-pulse rounded-md h-4 w-24 bg-gray-300"
        />
        <div
          class="animate-pulse rounded-md h-10 w-full bg-gray-300"
        />
      </div>
      <div
        class="space-y-2"
      >
        <div
          class="animate-pulse rounded-md h-4 w-28 bg-gray-300"
        />
        <div
          class="animate-pulse rounded-md h-10 w-full bg-gray-300"
        />
      </div>
      <div
        class="animate-pulse rounded-md h-10 w-40 bg-gray-300"
      />
    </div>
  </div>
</div>
`;
